// Jest Snapshot v1, https://goo.gl/fbAQLP

exports[`renders a snapshot 1`] = `
<ul
  className="MuiList-root makeStyles-root-1 MuiList-padding"
>
  <li
    className="MuiListItem-container"
  >
    <div
      aria-disabled={false}
      className="MuiButtonBase-root MuiListItem-root MuiListItem-gutters MuiListItem-button MuiListItem-secondaryAction Mui-selected"
      onBlur={[Function]}
      onFocus={[Function]}
      onKeyDown={[Function]}
      onKeyUp={[Function]}
      onMouseDown={[Function]}
      onMouseLeave={[Function]}
      onMouseUp={[Function]}
      onTouchEnd={[Function]}
      onTouchMove={[Function]}
      onTouchStart={[Function]}
      role="button"
      tabIndex={0}
    >
      <div
        className="MuiListItemText-root MuiListItemText-multiline"
      >
        <span
          className="MuiTypography-root MuiListItemText-primary MuiTypography-body1"
        >
          London &gt; Amsterdam
        </span>
        <p
          className="MuiTypography-root MuiListItemText-secondary MuiTypography-body2 MuiTypography-colorTextSecondary"
        >
          Trip duration is 5h 0m
        </p>
      </div>
    </div>
    <div
      className="MuiListItemSecondaryAction-root"
    >
      <h5
        className="MuiTypography-root makeStyles-inline-2 MuiTypography-h6 MuiTypography-colorTextPrimary"
      >
        Trip cost: 160
        <span
          aria-hidden={true}
          className="material-icons MuiIcon-root makeStyles-euro-3"
        >
          euro_symbol
        </span>
      </h5>
    </div>
  </li>
  <li
    className="MuiListItem-container"
  >
    <div
      className="MuiListItem-root MuiListItem-gutters MuiListItem-alignItemsFlexStart MuiListItem-secondaryAction"
      disabled={false}
    >
      <div
        className="MuiListItemAvatar-root MuiListItemAvatar-alignItemsFlexStart"
      >
        <div
          className="MuiAvatar-root MuiAvatar-colorDefault"
        >
          <span
            aria-hidden={true}
            className="material-icons MuiIcon-root"
          >
            train
          </span>
        </div>
      </div>
      <div
        className="MuiListItemText-root MuiListItemText-multiline"
      >
        <span
          className="MuiTypography-root MuiListItemText-primary MuiTypography-body1"
        >
          London &gt; Amsterdam
        </span>
        <p
          className="MuiTypography-root MuiListItemText-secondary MuiTypography-body2 MuiTypography-colorTextSecondary"
        >
          <span
            className="MuiTypography-root makeStyles-inline-2 MuiTypography-body2 MuiTypography-colorTextPrimary"
          >
            train
          </span>
           TLA0500 for 05h 00m
        </p>
      </div>
    </div>
    <div
      className="MuiListItemSecondaryAction-root"
    >
      <h5
        className="MuiTypography-root makeStyles-inline-2 MuiTypography-h6 MuiTypography-colorTextPrimary"
      >
        160
        <span
          aria-hidden={true}
          className="material-icons MuiIcon-root makeStyles-euro-3"
        >
          euro_symbol
        </span>
      </h5>
    </div>
  </li>
  <li
    className="MuiDivider-root MuiDivider-inset"
    role="separator"
  />
</ul>
`;
